// Jest Snapshot v1, https://goo.gl/fbAQLP

exports[`(1) Default Render 1`] = `
<div
  className="switch-language"
/>
`;
