// Jest Snapshot v1, https://goo.gl/fbAQLP

exports[` 1`] = `
Array [
  <div
    className="voting-controls voting-controls-up disable"
  >
    <button
      className="cursor-pointer rounded-full duration-300 no-wrap border-[1.25px] border-solid flex items-center justify-center gap-2 border-blue-dark-sky hover:border-blue-dark-sky-hover focus:border-blue-dark-sky-active text-blue-dark-sky hover:text-blue-dark-sky-hover focus:text-blue-dark-sky-active disabled:opacity-50 h-[2rem] text-sm font-[500] px-2 text-xs w-8 !p-0"
      onClick={[Function]}
      size="xs"
      style={
        Object {
          "outline": "none",
        }
      }
      type="button"
    >
      <div
        className="flex justify-center items-center w-5 h-5 [&>svg]:w-5 [&>svg]:h-5 "
      >
        <svg
          className="slider-svg-up"
          viewBox="6 8 12 7.41"
        >
          <path
            d="M7.41,15.41L12,10.83L16.59,15.41L18,14L12,8L6,14L7.41,15.41Z"
            fill="currentColor"
          />
        </svg>
      </div>
    </button>
    <div
      className="estimated"
    >
      $ 0.040
    </div>
    <div
      className="space"
    />
    <div
      className="slider slider-up"
    >
      <div
        className="ecency-vote-input rounded-full overflow-hidden relative"
        onMouseDown={[Function]}
        onMouseMove={[Function]}
        onMouseUp={[Function]}
        onTouchEnd={[Function]}
        onTouchMove={[Function]}
        onTouchStart={[Function]}
      >
        <div
          className="ecency-input-group flex items-stretch w-full relative z-10 [&>input]:rounded-[0] [&>input:first-child]:rounded-l-full [&>input:last-child]:rounded-r-full [&>.ecency-input-group-part>button]:rounded-tl-none [&>.ecency-input-group-part>button]:rounded-bl-none [&>.ecency-input-group-part>button]:h-[2.75rem]"
        >
          <input
            className="border-2 rounded-3xl py-2 px-3 w-full outline-none shadow-0 focus:border-gray-500 hover:border-gray-300 duration-300 dark:border-gray-700 dark:hover:border-gray-600 dark:bg-gray-800 aria-invalid:border-red"
            max={100}
            min={0}
            onChange={[Function]}
            step="0.1"
            type="number"
            value={100}
          />
          <div
            className="ecency-input-group-part ecency-input-group-append border-l-0 rounded-tr-full rounded-br-full dark:border-gray-600 flex items-center justify-center px-2.5 border-2 bg-gray-200 dark:bg-gray-600"
            onClick={[Function]}
          >
            %
          </div>
        </div>
        <div
          className="absolute bg-opacity-25 top-[1px] left-[1px] bottom-[1px] bg-blue-dark-sky"
          style={
            Object {
              "width": "86%",
            }
          }
        />
        <div
          className="absolute z-[11] right-10 top-0 bottom-0 flex flex-col justify-center items-center"
        >
          <div
            className="cursor-pointer h-4 flex items-center text-blue-dark-sky opacity-75 hover:opacity-100"
            onClick={[Function]}
            onMouseDown={[Function]}
          >
            <svg
              fill="currentColor"
              height="24"
              viewBox="0 0 24 24"
              width="24"
              xmlns="http://www.w3.org/2000/svg"
            >
              <path
                d="M17.71,11.29l-5-5a1,1,0,0,0-.33-.21,1,1,0,0,0-.76,0,1,1,0,0,0-.33.21l-5,5a1,1,0,0,0,1.42,1.42L11,9.41V17a1,1,0,0,0,2,0V9.41l3.29,3.3a1,1,0,0,0,1.42,0A1,1,0,0,0,17.71,11.29Z"
              />
            </svg>
          </div>
          <div
            className="cursor-pointer h-4 flex items-center text-blue-dark-sky opacity-75 hover:opacity-100"
            onClick={[Function]}
            onMouseDown={[Function]}
          >
            <svg
              fill="currentColor"
              height="24"
              viewBox="0 0 24 24"
              width="24"
              xmlns="http://www.w3.org/2000/svg"
            >
              <path
                d="M17.71,11.29a1,1,0,0,0-1.42,0L13,14.59V7a1,1,0,0,0-2,0v7.59l-3.29-3.3a1,1,0,0,0-1.42,1.42l5,5a1,1,0,0,0,.33.21.94.94,0,0,0,.76,0,1,1,0,0,0,.33-.21l5-5A1,1,0,0,0,17.71,11.29Z"
              />
            </svg>
          </div>
        </div>
      </div>
    </div>
    <div
      className="percentage"
    />
    <button
      className="cursor-pointer rounded-full duration-300 no-wrap border-[1.25px] border-solid flex items-center justify-center gap-2 border-red hover:border-red-020 focus:border-red-030 text-red hover:text-red-020 focus:text-red-030 h-[2rem] text-sm font-[500] px-2 text-xs w-8 !p-0"
      onClick={[Function]}
      size="xs"
      style={
        Object {
          "outline": "none",
        }
      }
      type="button"
    >
      <div
        className="flex justify-center items-center w-5 h-5 [&>svg]:w-5 [&>svg]:h-5 "
      >
        <svg
          className="slider-svg-down"
          viewBox="6 8.59 12 7.41"
        >
          <path
            d="M0 0h24v24H0V0z"
            fill="none"
          />
          <path
            d="M7.41 8.59L12 13.17l4.59-4.58L18 10l-6 6-6-6 1.41-1.41z"
            fill="currentColor"
          />
        </svg>
      </div>
    </button>
  </div>,
  <div
    className="vote-error error-message"
  >
    <p>
      Voting on Content after their payout does not generate any new rewards.
    </p>
    <div
      className="vote-error-suggestion"
    >
      Try tipping the author. 
      <div
        className="tipping-icon"
      >
        <div
          className="entry-tip-btn"
          onClick={[Function]}
        >
          <span
            className="inner-btn"
            title="Tip"
          >
            <svg
              viewBox="0 0 24 24"
            >
              <path
                d="M22,12V20A2,2 0 0,1 20,22H4A2,2 0 0,1 2,20V12A1,1 0 0,1 1,11V8A2,2 0 0,1 3,6H6.17C6.06,5.69 6,5.35 6,5A3,3 0 0,1 9,2C10,2 10.88,2.5 11.43,3.24V3.23L12,4L12.57,3.23V3.24C13.12,2.5 14,2 15,2A3,3 0 0,1 18,5C18,5.35 17.94,5.69 17.83,6H21A2,2 0 0,1 23,8V11A1,1 0 0,1 22,12M4,20H11V12H4V20M20,20V12H13V20H20M9,4A1,1 0 0,0 8,5A1,1 0 0,0 9,6A1,1 0 0,0 10,5A1,1 0 0,0 9,4M15,4A1,1 0 0,0 14,5A1,1 0 0,0 15,6A1,1 0 0,0 16,5A1,1 0 0,0 15,4M3,8V10H11V8H3M13,8V10H21V8H13Z"
                fill="currentColor"
              />
            </svg>
          </span>
        </div>
      </div>
    </div>
  </div>,
]
`;

exports[`(2) Btn - No active user (1) Render 1`] = `
<div
  onClick={[Function]}
>
  <div>
    <div
      className="entry-vote-btn"
      onClick={[Function]}
    >
      <div
        className="btn-vote btn-up-vote"
      >
        <div
          className=""
        >
          <span
            className="btn-inner "
          >
            <svg
              className="vote-svg"
              viewBox="6 8 12 7.41"
            >
              <path
                d="M7.41,15.41L12,10.83L16.59,15.41L18,14L12,8L6,14L7.41,15.41Z"
                fill="currentColor"
              />
            </svg>
          </span>
        </div>
      </div>
    </div>
  </div>
</div>
`;

exports[`(3) Btn - Up voted (1) Render 1`] = `
<div
  onClick={[Function]}
>
  <div>
    <div
      className="entry-vote-btn"
      onClick={[Function]}
    >
      <div
        className="btn-vote btn-up-vote"
      >
        <div
          className=""
        >
          <span
            className="btn-inner "
          >
            <svg
              className="vote-svg"
              viewBox="6 8 12 7.41"
            >
              <path
                d="M7.41,15.41L12,10.83L16.59,15.41L18,14L12,8L6,14L7.41,15.41Z"
                fill="currentColor"
              />
            </svg>
          </span>
        </div>
      </div>
    </div>
  </div>
</div>
`;
