// Jest Snapshot v1, https://goo.gl/fbAQLP

exports[`(1) Default render 1`] = `
<div
  className="entry-menu"
/>
`;

exports[`(2) Separated sharing buttons 1`] = `
<div
  className="entry-menu"
>
  <div
    className="separated-share"
  >
    <div
      className="share-button single-button"
      onClick={[Function]}
    >
      <svg
        viewBox="0 0 24 24"
      >
        <path
          d="M18,16.08C17.24,16.08 16.56,16.38 16.04,16.85L8.91,12.7C8.96,12.47 9,12.24 9,12C9,11.76 8.96,11.53 8.91,11.3L15.96,7.19C16.5,7.69 17.21,8 18,8A3,3 0 0,0 21,5A3,3 0 0,0 18,2A3,3 0 0,0 15,5C15,5.24 15.04,5.47 15.09,5.7L8.04,9.81C7.5,9.31 6.79,9 6,9A3,3 0 0,0 3,12A3,3 0 0,0 6,15C6.79,15 7.5,14.69 8.04,14.19L15.16,18.34C15.11,18.55 15.08,18.77 15.08,19C15.08,20.61 16.39,21.91 18,21.91C19.61,21.91 20.92,20.61 20.92,19A2.92,2.92 0 0,0 18,16.08Z"
          fill="currentColor"
        />
      </svg>
    </div>
    <div
      className="all-buttons"
    >
      <div
        className="share-button"
        onClick={[Function]}
      >
        <svg
          viewBox="0 0 24 24"
          xmlns="http://www.w3.org/2000/svg"
        >
          <path
            d="M2.204 14.049c-.06.276-.091.56-.091.847 0 3.443 4.402 6.249 9.814 6.249 5.41 0 9.812-2.804 9.812-6.249 0-.274-.029-.546-.082-.809l-.015-.032c-.021-.055-.029-.11-.029-.165-.302-1.175-1.117-2.241-2.296-3.103-.045-.016-.088-.039-.126-.07-.026-.02-.045-.042-.067-.064-1.792-1.234-4.356-2.008-7.196-2.008-2.815 0-5.354.759-7.146 1.971-.014.018-.029.033-.049.049-.039.033-.084.06-.13.075-1.206.862-2.042 1.937-2.354 3.123 0 .058-.014.114-.037.171l-.008.015zm9.773 5.441c-1.794 0-3.057-.389-3.863-1.197-.173-.174-.173-.457 0-.632.176-.165.46-.165.635 0 .63.629 1.685.943 3.228.943 1.542 0 2.591-.3 3.219-.929.165-.164.45-.164.629 0 .165.18.165.465 0 .645-.809.808-2.065 1.198-3.862 1.198l.014-.028zm-3.606-7.573c-.914 0-1.677.765-1.677 1.677 0 .91.763 1.65 1.677 1.65s1.651-.74 1.651-1.65c0-.912-.739-1.677-1.651-1.677zm7.233 0c-.914 0-1.678.765-1.678 1.677 0 .91.764 1.65 1.678 1.65s1.651-.74 1.651-1.65c0-.912-.739-1.677-1.651-1.677zm4.548-1.595c1.037.833 1.8 1.821 2.189 2.904.45-.336.719-.864.719-1.449 0-1.002-.815-1.816-1.818-1.816-.399 0-.778.129-1.09.363v-.002zM2.711 9.963c-1.003 0-1.817.816-1.817 1.818 0 .543.239 1.048.644 1.389.401-1.079 1.172-2.053 2.213-2.876-.302-.21-.663-.329-1.039-.329v-.002zm9.217 12.079c-5.906 0-10.709-3.205-10.709-7.142 0-.275.023-.544.068-.809C.494 13.598 0 12.729 0 11.777c0-1.496 1.227-2.713 2.725-2.713.674 0 1.303.246 1.797.682 1.856-1.191 4.357-1.941 7.112-1.992l1.812-5.524.404.095s.016 0 .016.002l4.223.993c.344-.798 1.138-1.36 2.065-1.36 1.229 0 2.231 1.004 2.231 2.234 0 1.232-1.003 2.234-2.231 2.234s-2.23-1.004-2.23-2.23l-3.851-.912-1.467 4.477c2.65.105 5.047.854 6.844 2.021.494-.464 1.144-.719 1.833-.719 1.498 0 2.718 1.213 2.718 2.711 0 .987-.54 1.886-1.378 2.365.029.255.059.494.059.749-.015 3.938-4.806 7.143-10.72 7.143l-.034.009zm8.179-19.187c-.74 0-1.34.599-1.34 1.338 0 .738.6 1.34 1.34 1.34.732 0 1.33-.6 1.33-1.334 0-.733-.598-1.332-1.347-1.332l.017-.012z"
            fill="currentColor"
          />
        </svg>
      </div>
      <div
        className="share-button"
        onClick={[Function]}
      >
        <svg
          viewBox="0 0 15 13"
        >
          <path
            d="M15 1.44313C14.4481 1.68813 13.855 1.85312 13.2325 1.9275C13.8681 1.54687 14.3562 0.94375 14.5856 0.225C13.9913 0.5775 13.3325 0.83375 12.6312 0.971875C12.0706 0.37375 11.27 0 10.385 0C8.39812 0 6.93813 1.85375 7.38688 3.77813C4.83 3.65 2.5625 2.425 1.04437 0.563125C0.238125 1.94625 0.62625 3.75562 1.99625 4.67187C1.4925 4.65562 1.0175 4.5175 0.603125 4.28688C0.569375 5.7125 1.59125 7.04625 3.07125 7.34312C2.63812 7.46062 2.16375 7.48813 1.68125 7.39563C2.0725 8.61812 3.20875 9.5075 4.55625 9.5325C3.2625 10.5469 1.6325 11 0 10.8075C1.36187 11.6806 2.98 12.19 4.7175 12.19C10.4312 12.19 13.6594 7.36438 13.4644 3.03625C14.0656 2.60187 14.5875 2.06 15 1.44313Z"
            fill="currentColor"
          />
        </svg>
      </div>
      <div
        className="share-button share-button-facebook"
        onClick={[Function]}
      >
        <svg
          viewBox="0 0 24 24"
          xmlns="http://www.w3.org/2000/svg"
        >
          <path
            d="M22.676 0H1.324C.593 0 0 .593 0 1.324v21.352C0 23.408.593 24 1.324 24h11.494v-9.294H9.689v-3.621h3.129V8.41c0-3.099 1.894-4.785 4.659-4.785 1.325 0 2.464.097 2.796.141v3.24h-1.921c-1.5 0-1.792.721-1.792 1.771v2.311h3.584l-.465 3.63H16.56V24h6.115c.733 0 1.325-.592 1.325-1.324V1.324C24 .593 23.408 0 22.676 0"
            fill="currentColor"
          />
        </svg>
      </div>
    </div>
  </div>
  <div
    className="custom-dropdown float-right"
    onClick={[Function]}
    onMouseEnter={[Function]}
    onMouseLeave={[Function]}
  >
    <div
      className="dropdown-btn"
    >
      
      <div
        className="menu-down"
        style={Object {}}
      >
        <svg
          viewBox="0 0 24 24"
        >
          <path
            d="M16,12A2,2 0 0,1 18,10A2,2 0 0,1 20,12A2,2 0 0,1 18,14A2,2 0 0,1 16,12M10,12A2,2 0 0,1 12,10A2,2 0 0,1 14,12A2,2 0 0,1 12,14A2,2 0 0,1 10,12M4,12A2,2 0 0,1 6,10A2,2 0 0,1 8,12A2,2 0 0,1 6,14A2,2 0 0,1 4,12Z"
            fill="currentColor"
          />
        </svg>
      </div>
    </div>
  </div>
</div>
`;
